+--------------------------------------------------------------------------------------------------+
|Plan HV     Min Snap  Max Snap  Execs       LIO            PIO            CPU         Elapsed     |
+--------------------------------------------------------------------------------------------------+
|354579338   35        35        2           9,165          658            0.20        0.43        |
+--------------------------------------------------------------------------------------------------+

                                                                                 Summary Execution Statistics Over Time
                                                                                 Avg                 Avg
Snapshot                             Avg LIO             Avg PIO          CPU (secs)      Elapsed (secs)
Time               Execs            Per Exec            Per Exec            Per Exec            Per Exec
------------ ----------- ------------------- ------------------- ------------------- -------------------
28-AUG 19:58           2            4,582.50              329.00                0.10                0.22
             ----------- ------------------- ------------------- ------------------- -------------------
avg                                 4,582.50              329.00                0.10                0.22
sum                    2

                                                                                 Per-Plan Execution Statistics Over Time
                                                                                            Avg                 Avg
      Plan Snapshot                             Avg LIO             Avg PIO          CPU (secs)      Elapsed (secs)
Hash Value Time               Execs            Per Exec            Per Exec            Per Exec            Per Exec
---------- ------------ ----------- ------------------- ------------------- ------------------- -------------------
 354579338 28-AUG 19:58           2            4,582.50              329.00                0.10                0.22
**********              ----------- ------------------- ------------------- ------------------- -------------------
avg                                            4,582.50              329.00                0.10                0.22
sum                               2

